FilterInvalidOperationException
Son
Wife
Husband
EvilMethod
Filtered!
